[pxdraft.com/wrap/fusion/index.html]
[backblue.gif]
[fade.gif]
[index.html]
[pxdraft.com/wrap/fusion/favicon.ico]
[pxdraft.com/wrap/fusion/static/img/product-1.png]
[pxdraft.com/wrap/fusion/static/img/product-2.png]
[pxdraft.com/wrap/fusion/checkout.html]
[pxdraft.com/wrap/fusion/cart.html]
[pxdraft.com/wrap/fusion/index-2.html]
[pxdraft.com/wrap/fusion/item-list.html]
[pxdraft.com/wrap/fusion/item-list-01.html]
[pxdraft.com/wrap/fusion/item-detail.html]
[pxdraft.com/wrap/fusion/blog.html]
[pxdraft.com/wrap/fusion/blog-single.html]
[pxdraft.com/wrap/fusion/about.html]
[pxdraft.com/wrap/fusion/pricing.html]
[pxdraft.com/wrap/fusion/faq.html]
[pxdraft.com/wrap/fusion/contact.html]
[pxdraft.com/wrap/fusion/login.html]
[pxdraft.com/wrap/fusion/sign-up.html]
[pxdraft.com/wrap/fusion/reset-password.html]
[pxdraft.com/wrap/fusion/account.html]
[pxdraft.com/wrap/fusion/downloads.html]
[pxdraft.com/wrap/fusion/static/img/product-3.png]
[pxdraft.com/wrap/fusion/static/img/product-4.png]
[pxdraft.com/wrap/fusion/static/img/product-5.png]
[pxdraft.com/wrap/fusion/static/img/product-6.png]
[pxdraft.com/wrap/fusion/static/img/product-7.png]
[pxdraft.com/wrap/fusion/static/img/product-8.png]
[pxdraft.com/wrap/fusion/static/img/avatar-1.jpg]
[pxdraft.com/wrap/fusion/static/img/avatar-2.jpg]
[pxdraft.com/wrap/fusion/static/img/avatar-3.jpg]
[pxdraft.com/wrap/fusion/static/img/blog-1.jpg]
[pxdraft.com/wrap/fusion/static/img/blog-2.jpg]
[pxdraft.com/wrap/fusion/static/img/blog-3.jpg]
[pxdraft.com/wrap/fusion/pxdraft.com]
[pxdraft.com/wrap/fusion/static/img/payments.png]
[pxdraft.com/wrap/fusion/static/js/jquery-3.5.1.min.js]
[pxdraft.com/wrap/fusion/static/vendor/bootstrap/js/bootstrap.bundle.min.js]
[pxdraft.com/wrap/fusion/static/vendor/owl-carousel/js/owl.carousel.min.js]
[pxdraft.com/wrap/fusion/static/vendor/magnific/jquery.magnific-popup.min.js]
[pxdraft.com/wrap/fusion/static/vendor/mail/js/form.min.js]
[pxdraft.com/wrap/fusion/static/vendor/mail/js/script.js]
[pxdraft.com/wrap/fusion/static/js/custom.js]
[pxdraft.com/wrap/fusion/index.html]
[pxdraft.com/wrap/fusion/static/css/style.css]
[pxdraft.com/wrap/fusion/checkout.html]
[pxdraft.com/wrap/fusion/cart.html]
[pxdraft.com/wrap/fusion/index-2.html]
[pxdraft.com/wrap/fusion/static/img/logo.svg]
[pxdraft.com/wrap/fusion/item-list.html]
[pxdraft.com/wrap/fusion/item-list-01.html]
[pxdraft.com/wrap/fusion/item-detail.html]
[pxdraft.com/wrap/fusion/static/img/product-2.png]
[pxdraft.com/wrap/fusion/static/img/blog-4.jpg]
[pxdraft.com/wrap/fusion/static/img/avatar-4.jpg]
[pxdraft.com/wrap/fusion/blog.html]
[pxdraft.com/wrap/fusion/blog-single.html]
[pxdraft.com/wrap/fusion/static/img/about--themes-header.png]
[pxdraft.com/wrap/fusion/static/img/Utilising-Sass-variables.png]
[pxdraft.com/wrap/fusion/about.html]
[pxdraft.com/wrap/fusion/pricing.html]
[pxdraft.com/wrap/fusion/faq.html]
[pxdraft.com/wrap/fusion/contact.html]
[pxdraft.com/wrap/fusion/login.html]
[pxdraft.com/wrap/fusion/sign-up.html]
[pxdraft.com/wrap/fusion/reset-password.html]
[pxdraft.com/wrap/fusion/account.html]
[pxdraft.com/wrap/fusion/downloads.html]
[pxdraft.com/wrap/fusion/static/img/product-4.png]
[pxdraft.com/wrap/fusion/static/img/blog-3.jpg]
[pxdraft.com/wrap/fusion/static/img/logo-light.svg]
[pxdraft.com/wrap/fusion/pxdraft.html]
[pxdraft.com/wrap/fusion/static/vendor/bootstrap/js/bootstrap.bundle.min.js]
[pxdraft.com/wrap/fusion/static/vendor/bootstrap/icons/fonts/bootstrap-iconse36a.woff2]
[pxdraft.com/wrap/fusion/static/vendor/bootstrap/icons/fonts/bootstrap-iconse36a.woff]
[pxdraft.com/wrap/fusion/static/vendor/bootstrap/icons/bootstrap-icons.css]
[pxdraft.com/wrap/fusion/static/vendor/fontawesome/webfonts/fa-brands-400.eot]
[pxdraft.com/wrap/fusion/static/vendor/fontawesome/webfonts/fa-brands-400d41d.eot]
[pxdraft.com/wrap/fusion/static/vendor/fontawesome/webfonts/fa-brands-400.woff2]
[pxdraft.com/wrap/fusion/static/vendor/fontawesome/webfonts/fa-brands-400.woff]
[pxdraft.com/wrap/fusion/static/vendor/fontawesome/webfonts/fa-brands-400.ttf]
[pxdraft.com/wrap/fusion/static/vendor/fontawesome/webfonts/fa-regular-400.eot]
[pxdraft.com/wrap/fusion/static/vendor/fontawesome/webfonts/fa-regular-400d41d.eot]
[pxdraft.com/wrap/fusion/static/vendor/fontawesome/webfonts/fa-regular-400.woff2]
[pxdraft.com/wrap/fusion/static/vendor/fontawesome/webfonts/fa-regular-400.woff]
[pxdraft.com/wrap/fusion/static/vendor/fontawesome/webfonts/fa-regular-400.ttf]
[pxdraft.com/wrap/fusion/static/vendor/fontawesome/webfonts/fa-solid-900.eot]
[pxdraft.com/wrap/fusion/static/vendor/fontawesome/webfonts/fa-solid-900.woff2]
[pxdraft.com/wrap/fusion/static/vendor/fontawesome/webfonts/fa-solid-900d41d.eot]
[pxdraft.com/wrap/fusion/static/vendor/fontawesome/webfonts/fa-solid-900.woff]
[pxdraft.com/wrap/fusion/static/vendor/fontawesome/webfonts/fa-solid-900.ttf]
[pxdraft.com/wrap/fusion/static/vendor/fontawesome/css/all.min.css]
[pxdraft.com/wrap/fusion/static/vendor/magnific/magnific-popup.css]
[pxdraft.com/wrap/fusion/static/vendor/owl-carousel/css/owl.video.play.49.delayed]
[pxdraft.com/wrap/fusion/static/vendor/owl-carousel/css/owl.carousel.min.css]
[pxdraft.com/wrap/fusion/static/img/curated-with-care.svg]
[pxdraft.com/wrap/fusion/static/img/implement-with-components.svg]
[pxdraft.com/wrap/fusion/static/img/clean-code-of-good-designs.svg]
[pxdraft.com/wrap/fusion/static/img/well-documented.svg]
[pxdraft.com/wrap/fusion/static/vendor/fontawesome/webfonts/fa-brands-400.woff2]
[pxdraft.com/wrap/fusion/static/vendor/bootstrap/icons/fonts/bootstrap-iconse36a.woff]
[pxdraft.com/wrap/fusion/static/vendor/fontawesome/webfonts/fa-brands-400.eot]
[pxdraft.com/wrap/fusion/static/vendor/fontawesome/webfonts/fa-brands-400.ttf]
[pxdraft.com/wrap/fusion/static/vendor/fontawesome/webfonts/fa-regular-400.eot]
[pxdraft.com/wrap/fusion/static/vendor/fontawesome/webfonts/fa-regular-400.svg]
[pxdraft.com/wrap/fusion/static/vendor/fontawesome/webfonts/fa-solid-900.woff]
[pxdraft.com/wrap/fusion/static/vendor/fontawesome/webfonts/fa-solid-900.ttf]
[pxdraft.com/wrap/fusion/static/vendor/owl-carousel/css/owl.video.play.html]
[pxdraft.com/wrap/fusion/static/vendor/bootstrap/icons/fonts/bootstrap-iconse36a.woff]
[pxdraft.com/wrap/fusion/static/vendor/fontawesome/webfonts/fa-brands-400.eot]
[pxdraft.com/wrap/fusion/static/vendor/fontawesome/webfonts/fa-brands-400.woff2]
[pxdraft.com/wrap/fusion/static/vendor/fontawesome/webfonts/fa-brands-400.ttf]
[pxdraft.com/wrap/fusion/static/vendor/fontawesome/webfonts/fa-brands-400.svg]
[pxdraft.com/wrap/fusion/static/vendor/fontawesome/webfonts/fa-solid-900.svg]
